exports[`getEntryChunks should list all the chunks 1`] = `
Array [
  Object {
    "entry": false,
    "extraAsync": false,
    "files": Array [
      "pjs-UnauthInterestFeedPageContainer-dev.js",
      "pjs-UnauthInterestFeedPageContainer-dev.js.map",
    ],
    "hash": "2a0c2e9dc55777b7d803",
    "id": 155,
    "initial": false,
    "names": Array [
      "UnauthInterestFeedPageContainer",
    ],
    "origins": Array [
      Object {
        "loc": "3:4-5:41",
        "module": "/mnt/pinboard/webapp/node_modules/promise-loader/index.js?global,[name]!/mnt/pinboard/webapp/node_modules/babel-loader/lib/index.js?retainLines=true&comments=false&cacheDirectory=/mnt/pinboard/webapp/build/.babel-cache!/mnt/pinboard/webapp/app/common/react/components/growth/unauth/UnauthInterestFeedPage/UnauthInterestFeedPageContainer.js",
        "moduleId": 3251,
        "moduleIdentifier": "/mnt/pinboard/webapp/node_modules/promise-loader/index.js?global,[name]!/mnt/pinboard/webapp/node_modules/babel-loader/lib/index.js?retainLines=true&comments=false&cacheDirectory=/mnt/pinboard/webapp/build/.babel-cache!/mnt/pinboard/webapp/app/common/react/components/growth/unauth/UnauthInterestFeedPage/UnauthInterestFeedPageContainer.js",
        "moduleName": "./~/promise-loader?global,[name]!./app/common/react/components/growth/unauth/UnauthInterestFeedPage/UnauthInterestFeedPageContainer.js",
        "name": "UnauthInterestFeedPageContainer",
        "reasons": Array [],
      },
    ],
    "parents": Array [
      191,
    ],
    "rendered": false,
    "size": 1054627,
  },
  Object {
    "entry": false,
    "extraAsync": false,
    "files": Array [
      "pjs-CloseupContainer-dev.js",
      "pjs-CloseupContainer-dev.js.map",
    ],
    "hash": "1d9fb360090b91f3a5dd",
    "id": 156,
    "initial": false,
    "names": Array [
      "CloseupContainer",
    ],
    "origins": Array [
      Object {
        "loc": "3:4-5:26",
        "module": "/mnt/pinboard/webapp/node_modules/promise-loader/index.js?global,[name]!/mnt/pinboard/webapp/node_modules/babel-loader/lib/index.js?retainLines=true&comments=false&cacheDirectory=/mnt/pinboard/webapp/build/.babel-cache!/mnt/pinboard/webapp/app/common/react/components/closeup/CloseupContainer.js",
        "moduleId": 3164,
        "moduleIdentifier": "/mnt/pinboard/webapp/node_modules/promise-loader/index.js?global,[name]!/mnt/pinboard/webapp/node_modules/babel-loader/lib/index.js?retainLines=true&comments=false&cacheDirectory=/mnt/pinboard/webapp/build/.babel-cache!/mnt/pinboard/webapp/app/common/react/components/closeup/CloseupContainer.js",
        "moduleName": "./~/promise-loader?global,[name]!./app/common/react/components/closeup/CloseupContainer.js",
        "name": "CloseupContainer",
        "reasons": Array [],
      },
    ],
    "parents": Array [
      0,
      159,
      177,
    ],
    "rendered": true,
    "size": 332649,
  },
  Object {
    "entry": false,
    "extraAsync": false,
    "files": Array [
      "pjs-webpack-dev-dev.js",
      "pjs-webpack-dev-dev.js.map",
    ],
    "hash": "5f25bb6e4d1608c88a7b",
    "id": 157,
    "initial": false,
    "names": Array [
      "webpack-dev",
    ],
    "origins": Array [
      Object {
        "loc": "22:2-24:19",
        "module": "/mnt/pinboard/webapp/node_modules/babel-loader/lib/index.js?retainLines=true&comments=false&cacheDirectory=/mnt/pinboard/webapp/build/.babel-cache!/mnt/pinboard/webapp/app/www/index.js",
        "moduleId": 3139,
        "moduleIdentifier": "/mnt/pinboard/webapp/node_modules/babel-loader/lib/index.js?retainLines=true&comments=false&cacheDirectory=/mnt/pinboard/webapp/build/.babel-cache!/mnt/pinboard/webapp/app/www/index.js",
        "moduleName": "./app/www/index.js",
        "name": "webpack-dev",
        "reasons": Array [],
      },
    ],
    "parents": Array [
      177,
    ],
    "rendered": false,
    "size": 210160,
  },
  Object {
    "entry": false,
    "extraAsync": false,
    "files": Array [
      "pjs-UserSettingsPageContainer-dev.js",
      "pjs-UserSettingsPageContainer-dev.js.map",
    ],
    "hash": "6c22ecaaa2da4d58c652",
    "id": 158,
    "initial": false,
    "names": Array [
      "UserSettingsPageContainer",
    ],
    "origins": Array [
      Object {
        "loc": "3:4-5:35",
        "module": "/mnt/pinboard/webapp/node_modules/promise-loader/index.js?global,[name]!/mnt/pinboard/webapp/node_modules/babel-loader/lib/index.js?retainLines=true&comments=false&cacheDirectory=/mnt/pinboard/webapp/build/.babel-cache!/mnt/pinboard/webapp/app/common/react/components/settings/UserSettingsPage/UserSettingsPageContainer.js",
        "moduleId": 3183,
        "moduleIdentifier": "/mnt/pinboard/webapp/node_modules/promise-loader/index.js?global,[name]!/mnt/pinboard/webapp/node_modules/babel-loader/lib/index.js?retainLines=true&comments=false&cacheDirectory=/mnt/pinboard/webapp/build/.babel-cache!/mnt/pinboard/webapp/app/common/react/components/settings/UserSettingsPage/UserSettingsPageContainer.js",
        "moduleName": "./~/promise-loader?global,[name]!./app/common/react/components/settings/UserSettingsPage/UserSettingsPageContainer.js",
        "name": "UserSettingsPageContainer",
        "reasons": Array [],
      },
    ],
    "parents": Array [
      0,
      177,
    ],
    "rendered": false,
    "size": 223713,
  },
  Object {
    "entry": false,
    "extraAsync": false,
    "files": Array [
      "pjs-AuthHomePage-dev.js",
      "pjs-AuthHomePage-dev.js.map",
    ],
    "hash": "5fd694971fa3f0470b87",
    "id": 159,
    "initial": false,
    "names": Array [
      "AuthHomePage",
    ],
    "origins": Array [
      Object {
        "loc": "3:4-5:22",
        "module": "/mnt/pinboard/webapp/node_modules/promise-loader/index.js?global,[name]!/mnt/pinboard/webapp/node_modules/babel-loader/lib/index.js?retainLines=true&comments=false&cacheDirectory=/mnt/pinboard/webapp/build/.babel-cache!/mnt/pinboard/webapp/app/common/react/components/AuthHomePage/AuthHomePage.js",
        "moduleId": 3172,
        "moduleIdentifier": "/mnt/pinboard/webapp/node_modules/promise-loader/index.js?global,[name]!/mnt/pinboard/webapp/node_modules/babel-loader/lib/index.js?retainLines=true&comments=false&cacheDirectory=/mnt/pinboard/webapp/build/.babel-cache!/mnt/pinboard/webapp/app/common/react/components/AuthHomePage/AuthHomePage.js",
        "moduleName": "./~/promise-loader?global,[name]!./app/common/react/components/AuthHomePage/AuthHomePage.js",
        "name": "AuthHomePage",
        "reasons": Array [],
      },
    ],
    "parents": Array [
      0,
      177,
    ],
    "rendered": true,
    "size": 95307,
  },
  Object {
    "entry": false,
    "extraAsync": false,
    "files": Array [
      "pjs-SearchPageContainer-dev.js",
      "pjs-SearchPageContainer-dev.js.map",
    ],
    "hash": "b52a9043b53b79f2936d",
    "id": 160,
    "initial": false,
    "names": Array [
      "SearchPageContainer",
    ],
    "origins": Array [
      Object {
        "loc": "3:4-5:29",
        "module": "/mnt/pinboard/webapp/node_modules/promise-loader/index.js?global,[name]!/mnt/pinboard/webapp/node_modules/babel-loader/lib/index.js?retainLines=true&comments=false&cacheDirectory=/mnt/pinboard/webapp/build/.babel-cache!/mnt/pinboard/webapp/app/common/react/components/discover/SearchPage/SearchPageContainer.js",
        "moduleId": 3174,
        "moduleIdentifier": "/mnt/pinboard/webapp/node_modules/promise-loader/index.js?global,[name]!/mnt/pinboard/webapp/node_modules/babel-loader/lib/index.js?retainLines=true&comments=false&cacheDirectory=/mnt/pinboard/webapp/build/.babel-cache!/mnt/pinboard/webapp/app/common/react/components/discover/SearchPage/SearchPageContainer.js",
        "moduleName": "./~/promise-loader?global,[name]!./app/common/react/components/discover/SearchPage/SearchPageContainer.js",
        "name": "SearchPageContainer",
        "reasons": Array [],
      },
    ],
    "parents": Array [
      0,
      177,
    ],
    "rendered": false,
    "size": 125393,
  },
  Object {
    "entry": false,
    "extraAsync": false,
    "files": Array [
      "pjs-BoardPage-dev.js",
      "pjs-BoardPage-dev.js.map",
    ],
    "hash": "94397d9f25fd11429a6c",
    "id": 161,
    "initial": false,
    "names": Array [
      "BoardPage",
    ],
    "origins": Array [
      Object {
        "loc": "3:4-5:19",
        "module": "/mnt/pinboard/webapp/node_modules/promise-loader/index.js?global,[name]!/mnt/pinboard/webapp/node_modules/babel-loader/lib/index.js?retainLines=true&comments=false&cacheDirectory=/mnt/pinboard/webapp/build/.babel-cache!/mnt/pinboard/webapp/app/common/react/components/save/board/BoardPageContainer/BoardPage.js",
        "moduleId": 3182,
        "moduleIdentifier": "/mnt/pinboard/webapp/node_modules/promise-loader/index.js?global,[name]!/mnt/pinboard/webapp/node_modules/babel-loader/lib/index.js?retainLines=true&comments=false&cacheDirectory=/mnt/pinboard/webapp/build/.babel-cache!/mnt/pinboard/webapp/app/common/react/components/save/board/BoardPageContainer/BoardPage.js",
        "moduleName": "./~/promise-loader?global,[name]!./app/common/react/components/save/board/BoardPageContainer/BoardPage.js",
        "name": "BoardPage",
        "reasons": Array [],
      },
    ],
    "parents": Array [
      0,
      177,
    ],
    "rendered": false,
    "size": 150604,
  },
  Object {
    "entry": false,
    "extraAsync": false,
    "files": Array [
      "pjs-BoardsListPage-dev.js",
      "pjs-BoardsListPage-dev.js.map",
    ],
    "hash": "17510f62dbdbbf6730b6",
    "id": 162,
    "initial": false,
    "names": Array [
      "BoardsListPage",
    ],
    "origins": Array [
      Object {
        "loc": "3:4-5:24",
        "module": "/mnt/pinboard/webapp/node_modules/promise-loader/index.js?global,[name]!/mnt/pinboard/webapp/node_modules/babel-loader/lib/index.js?retainLines=true&comments=false&cacheDirectory=/mnt/pinboard/webapp/build/.babel-cache!/mnt/pinboard/webapp/app/common/react/components/BoardsList/BoardsListPage.js",
        "moduleId": 3173,
        "moduleIdentifier": "/mnt/pinboard/webapp/node_modules/promise-loader/index.js?global,[name]!/mnt/pinboard/webapp/node_modules/babel-loader/lib/index.js?retainLines=true&comments=false&cacheDirectory=/mnt/pinboard/webapp/build/.babel-cache!/mnt/pinboard/webapp/app/common/react/components/BoardsList/BoardsListPage.js",
        "moduleName": "./~/promise-loader?global,[name]!./app/common/react/components/BoardsList/BoardsListPage.js",
        "name": "BoardsListPage",
        "reasons": Array [],
      },
    ],
    "parents": Array [
      0,
      177,
    ],
    "rendered": false,
    "size": 120744,
  },
  Object {
    "entry": false,
    "extraAsync": false,
    "files": Array [
      "pjs-ArticlePage-dev.js",
      "pjs-ArticlePage-dev.js.map",
    ],
    "hash": "95958b33a1b3cb0e7322",
    "id": 163,
    "initial": false,
    "names": Array [
      "ArticlePage",
    ],
    "origins": Array [
      Object {
        "loc": "3:4-5:21",
        "module": "/mnt/pinboard/webapp/node_modules/promise-loader/index.js?global,[name]!/mnt/pinboard/webapp/node_modules/babel-loader/lib/index.js?retainLines=true&comments=false&cacheDirectory=/mnt/pinboard/webapp/build/.babel-cache!/mnt/pinboard/webapp/app/common/react/components/explore/Article/ArticlePage.js",
        "moduleId": 3176,
        "moduleIdentifier": "/mnt/pinboard/webapp/node_modules/promise-loader/index.js?global,[name]!/mnt/pinboard/webapp/node_modules/babel-loader/lib/index.js?retainLines=true&comments=false&cacheDirectory=/mnt/pinboard/webapp/build/.babel-cache!/mnt/pinboard/webapp/app/common/react/components/explore/Article/ArticlePage.js",
        "moduleName": "./~/promise-loader?global,[name]!./app/common/react/components/explore/Article/ArticlePage.js",
        "name": "ArticlePage",
        "reasons": Array [],
      },
    ],
    "parents": Array [
      0,
      177,
    ],
    "rendered": false,
    "size": 85733,
  },
  Object {
    "entry": false,
    "extraAsync": false,
    "files": Array [
      "pjs-ProfilePageContainer-dev.js",
      "pjs-ProfilePageContainer-dev.js.map",
    ],
    "hash": "25463fa1f7754934615f",
    "id": 164,
    "initial": false,
    "names": Array [
      "ProfilePageContainer",
    ],
    "origins": Array [
      Object {
        "loc": "3:4-5:30",
        "module": "/mnt/pinboard/webapp/node_modules/promise-loader/index.js?global,[name]!/mnt/pinboard/webapp/node_modules/babel-loader/lib/index.js?retainLines=true&comments=false&cacheDirectory=/mnt/pinboard/webapp/build/.babel-cache!/mnt/pinboard/webapp/app/common/react/components/profile/ProfilePage/ProfilePageContainer.js",
        "moduleId": 3179,
        "moduleIdentifier": "/mnt/pinboard/webapp/node_modules/promise-loader/index.js?global,[name]!/mnt/pinboard/webapp/node_modules/babel-loader/lib/index.js?retainLines=true&comments=false&cacheDirectory=/mnt/pinboard/webapp/build/.babel-cache!/mnt/pinboard/webapp/app/common/react/components/profile/ProfilePage/ProfilePageContainer.js",
        "moduleName": "./~/promise-loader?global,[name]!./app/common/react/components/profile/ProfilePage/ProfilePageContainer.js",
        "name": "ProfilePageContainer",
        "reasons": Array [],
      },
    ],
    "parents": Array [
      0,
      177,
    ],
    "rendered": false,
    "size": 109618,
  },
  Object {
    "entry": false,
    "extraAsync": false,
    "files": Array [
      "pjs-ExplorePage-dev.js",
      "pjs-ExplorePage-dev.js.map",
    ],
    "hash": "e72b9a289dabafe858d6",
    "id": 165,
    "initial": false,
    "names": Array [
      "ExplorePage",
    ],
    "origins": Array [
      Object {
        "loc": "3:4-5:21",
        "module": "/mnt/pinboard/webapp/node_modules/promise-loader/index.js?global,[name]!/mnt/pinboard/webapp/node_modules/babel-loader/lib/index.js?retainLines=true&comments=false&cacheDirectory=/mnt/pinboard/webapp/build/.babel-cache!/mnt/pinboard/webapp/app/common/react/components/explore/Explore/ExplorePage.js",
        "moduleId": 3177,
        "moduleIdentifier": "/mnt/pinboard/webapp/node_modules/promise-loader/index.js?global,[name]!/mnt/pinboard/webapp/node_modules/babel-loader/lib/index.js?retainLines=true&comments=false&cacheDirectory=/mnt/pinboard/webapp/build/.babel-cache!/mnt/pinboard/webapp/app/common/react/components/explore/Explore/ExplorePage.js",
        "moduleName": "./~/promise-loader?global,[name]!./app/common/react/components/explore/Explore/ExplorePage.js",
        "name": "ExplorePage",
        "reasons": Array [],
      },
    ],
    "parents": Array [
      0,
      177,
    ],
    "rendered": false,
    "size": 63186,
  },
  Object {
    "entry": false,
    "extraAsync": false,
    "files": Array [
      "pjs-UserProfilePinGridContainer-dev.js",
      "pjs-UserProfilePinGridContainer-dev.js.map",
    ],
    "hash": "fc0398bfad401e333f47",
    "id": 166,
    "initial": false,
    "names": Array [
      "UserProfilePinGridContainer",
    ],
    "origins": Array [
      Object {
        "loc": "3:4-5:37",
        "module": "/mnt/pinboard/webapp/node_modules/promise-loader/index.js?global,[name]!/mnt/pinboard/webapp/node_modules/babel-loader/lib/index.js?retainLines=true&comments=false&cacheDirectory=/mnt/pinboard/webapp/build/.babel-cache!/mnt/pinboard/webapp/app/common/react/components/profile/UserProfilePinGrid/UserProfilePinGridContainer.js",
        "moduleId": 3181,
        "moduleIdentifier": "/mnt/pinboard/webapp/node_modules/promise-loader/index.js?global,[name]!/mnt/pinboard/webapp/node_modules/babel-loader/lib/index.js?retainLines=true&comments=false&cacheDirectory=/mnt/pinboard/webapp/build/.babel-cache!/mnt/pinboard/webapp/app/common/react/components/profile/UserProfilePinGrid/UserProfilePinGridContainer.js",
        "moduleName": "./~/promise-loader?global,[name]!./app/common/react/components/profile/UserProfilePinGrid/UserProfilePinGridContainer.js",
        "name": "UserProfilePinGridContainer",
        "reasons": Array [],
      },
    ],
    "parents": Array [
      0,
      177,
    ],
    "rendered": false,
    "size": 31646,
  },
  Object {
    "entry": false,
    "extraAsync": false,
    "files": Array [
      "pjs-NewsHubLandingPage-dev.js",
      "pjs-NewsHubLandingPage-dev.js.map",
    ],
    "hash": "00919cea7dae70317ca2",
    "id": 167,
    "initial": false,
    "names": Array [
      "NewsHubLandingPage",
    ],
    "origins": Array [
      Object {
        "loc": "3:4-5:28",
        "module": "/mnt/pinboard/webapp/node_modules/promise-loader/index.js?global,[name]!/mnt/pinboard/webapp/node_modules/babel-loader/lib/index.js?retainLines=true&comments=false&cacheDirectory=/mnt/pinboard/webapp/build/.babel-cache!/mnt/pinboard/webapp/app/common/react/components/growth/news/NewsHub/NewsHubLandingPage.js",
        "moduleId": 3178,
        "moduleIdentifier": "/mnt/pinboard/webapp/node_modules/promise-loader/index.js?global,[name]!/mnt/pinboard/webapp/node_modules/babel-loader/lib/index.js?retainLines=true&comments=false&cacheDirectory=/mnt/pinboard/webapp/build/.babel-cache!/mnt/pinboard/webapp/app/common/react/components/growth/news/NewsHub/NewsHubLandingPage.js",
        "moduleName": "./~/promise-loader?global,[name]!./app/common/react/components/growth/news/NewsHub/NewsHubLandingPage.js",
        "name": "NewsHubLandingPage",
        "reasons": Array [],
      },
    ],
    "parents": Array [
      0,
      177,
    ],
    "rendered": false,
    "size": 20817,
  },
  Object {
    "entry": false,
    "extraAsync": false,
    "files": Array [
      "pjs-DidItProfileFeedContainer-dev.js",
      "pjs-DidItProfileFeedContainer-dev.js.map",
    ],
    "hash": "5739f766d00f45530b14",
    "id": 168,
    "initial": false,
    "names": Array [
      "DidItProfileFeedContainer",
    ],
    "origins": Array [
      Object {
        "loc": "3:4-5:35",
        "module": "/mnt/pinboard/webapp/node_modules/promise-loader/index.js?global,[name]!/mnt/pinboard/webapp/node_modules/babel-loader/lib/index.js?retainLines=true&comments=false&cacheDirectory=/mnt/pinboard/webapp/build/.babel-cache!/mnt/pinboard/webapp/app/common/react/components/do/aggregated-pins/did-it/DidItProfileFeed/DidItProfileFeedContainer.js",
        "moduleId": 3175,
        "moduleIdentifier": "/mnt/pinboard/webapp/node_modules/promise-loader/index.js?global,[name]!/mnt/pinboard/webapp/node_modules/babel-loader/lib/index.js?retainLines=true&comments=false&cacheDirectory=/mnt/pinboard/webapp/build/.babel-cache!/mnt/pinboard/webapp/app/common/react/components/do/aggregated-pins/did-it/DidItProfileFeed/DidItProfileFeedContainer.js",
        "moduleName": "./~/promise-loader?global,[name]!./app/common/react/components/do/aggregated-pins/did-it/DidItProfileFeed/DidItProfileFeedContainer.js",
        "name": "DidItProfileFeedContainer",
        "reasons": Array [],
      },
    ],
    "parents": Array [
      0,
      177,
    ],
    "rendered": false,
    "size": 33361,
  },
  Object {
    "entry": false,
    "extraAsync": false,
    "files": Array [
      "pjs-UserLikesGridContainer-dev.js",
      "pjs-UserLikesGridContainer-dev.js.map",
    ],
    "hash": "a39d26b5bb0c215790fe",
    "id": 169,
    "initial": false,
    "names": Array [
      "UserLikesGridContainer",
    ],
    "origins": Array [
      Object {
        "loc": "3:4-5:32",
        "module": "/mnt/pinboard/webapp/node_modules/promise-loader/index.js?global,[name]!/mnt/pinboard/webapp/node_modules/babel-loader/lib/index.js?retainLines=true&comments=false&cacheDirectory=/mnt/pinboard/webapp/build/.babel-cache!/mnt/pinboard/webapp/app/common/react/components/profile/UserLikesGrid/UserLikesGridContainer.js",
        "moduleId": 3180,
        "moduleIdentifier": "/mnt/pinboard/webapp/node_modules/promise-loader/index.js?global,[name]!/mnt/pinboard/webapp/node_modules/babel-loader/lib/index.js?retainLines=true&comments=false&cacheDirectory=/mnt/pinboard/webapp/build/.babel-cache!/mnt/pinboard/webapp/app/common/react/components/profile/UserLikesGrid/UserLikesGridContainer.js",
        "moduleName": "./~/promise-loader?global,[name]!./app/common/react/components/profile/UserLikesGrid/UserLikesGridContainer.js",
        "name": "UserLikesGridContainer",
        "reasons": Array [],
      },
    ],
    "parents": Array [
      0,
      177,
    ],
    "rendered": false,
    "size": 4836,
  },
  Object {
    "entry": false,
    "extraAsync": false,
    "files": Array [
      "pjs-BenchmarkPage-dev.js",
      "pjs-BenchmarkPage-dev.js.map",
    ],
    "hash": "34bc3da88c2dff361774",
    "id": 171,
    "initial": false,
    "names": Array [
      "BenchmarkPage",
    ],
    "origins": Array [
      Object {
        "loc": "3:4-5:23",
        "module": "/mnt/pinboard/webapp/node_modules/promise-loader/index.js?global,[name]!/mnt/pinboard/webapp/node_modules/babel-loader/lib/index.js?retainLines=true&comments=false&cacheDirectory=/mnt/pinboard/webapp/build/.babel-cache!/mnt/pinboard/webapp/app/common/react/components/static/BenchmarkPage.js",
        "moduleId": 3252,
        "moduleIdentifier": "/mnt/pinboard/webapp/node_modules/promise-loader/index.js?global,[name]!/mnt/pinboard/webapp/node_modules/babel-loader/lib/index.js?retainLines=true&comments=false&cacheDirectory=/mnt/pinboard/webapp/build/.babel-cache!/mnt/pinboard/webapp/app/common/react/components/static/BenchmarkPage.js",
        "moduleName": "./~/promise-loader?global,[name]!./app/common/react/components/static/BenchmarkPage.js",
        "name": "BenchmarkPage",
        "reasons": Array [],
      },
    ],
    "parents": Array [
      191,
    ],
    "rendered": false,
    "size": 129,
  },
  Object {
    "entry": false,
    "extraAsync": false,
    "files": Array [
      "entryChunk-react-analytics.js",
      "entryChunk-react-analytics.js.map",
    ],
    "hash": "8b7ad98a138b993e6fc9",
    "id": 172,
    "initial": true,
    "names": Array [
      "entryChunk-react-analytics",
    ],
    "origins": Array [
      Object {
        "loc": "",
        "module": "/mnt/pinboard/webapp/node_modules/babel-loader/lib/index.js?retainLines=true&comments=false&cacheDirectory=/mnt/pinboard/webapp/build/.babel-cache!/mnt/pinboard/webapp/app/analytics/index.js",
        "moduleId": 3254,
        "moduleIdentifier": "/mnt/pinboard/webapp/node_modules/babel-loader/lib/index.js?retainLines=true&comments=false&cacheDirectory=/mnt/pinboard/webapp/build/.babel-cache!/mnt/pinboard/webapp/app/analytics/index.js",
        "moduleName": "./app/analytics/index.js",
        "name": "entryChunk-react-analytics",
        "reasons": Array [],
      },
    ],
    "parents": Array [
      194,
    ],
    "rendered": true,
    "size": 11049895,
  },
  Object {
    "entry": false,
    "extraAsync": false,
    "files": Array [
      "entryChunk-react-sterling.js",
      "entryChunk-react-sterling.js.map",
    ],
    "hash": "409d70cb19aabb03f1f7",
    "id": 173,
    "initial": true,
    "names": Array [
      "entryChunk-react-sterling",
    ],
    "origins": Array [
      Object {
        "loc": "",
        "module": "/mnt/pinboard/webapp/node_modules/babel-loader/lib/index.js?retainLines=true&comments=false&cacheDirectory=/mnt/pinboard/webapp/build/.babel-cache!/mnt/pinboard/webapp/app/sterling/index.js",
        "moduleId": 3274,
        "moduleIdentifier": "/mnt/pinboard/webapp/node_modules/babel-loader/lib/index.js?retainLines=true&comments=false&cacheDirectory=/mnt/pinboard/webapp/build/.babel-cache!/mnt/pinboard/webapp/app/sterling/index.js",
        "moduleName": "./app/sterling/index.js",
        "name": "entryChunk-react-sterling",
        "reasons": Array [],
      },
    ],
    "parents": Array [
      194,
    ],
    "rendered": true,
    "size": 11032039,
  },
  Object {
    "entry": false,
    "extraAsync": false,
    "files": Array [
      "entryChunk-react-eval.js",
    ],
    "hash": "dafe288954f88f528f69",
    "id": 174,
    "initial": true,
    "names": Array [
      "entryChunk-react-eval",
    ],
    "origins": Array [
      Object {
        "loc": "",
        "module": "/mnt/pinboard/webapp/node_modules/babel-loader/lib/index.js?retainLines=true&comments=false&cacheDirectory=/mnt/pinboard/webapp/build/.babel-cache!/mnt/pinboard/webapp/app/eval/index.js",
        "moduleId": 3273,
        "moduleIdentifier": "/mnt/pinboard/webapp/node_modules/babel-loader/lib/index.js?retainLines=true&comments=false&cacheDirectory=/mnt/pinboard/webapp/build/.babel-cache!/mnt/pinboard/webapp/app/eval/index.js",
        "moduleName": "./app/eval/index.js",
        "name": "entryChunk-react-eval",
        "reasons": Array [],
      },
    ],
    "parents": Array [
      194,
    ],
    "rendered": true,
    "size": 7897205,
  },
  Object {
    "entry": false,
    "extraAsync": false,
    "files": Array [
      "entryChunk-react-common.js",
      "entryChunk-react-common.js.map",
    ],
    "hash": "107d6ef62be0a5765d0f",
    "id": 175,
    "initial": true,
    "names": Array [
      "entryChunk-react-common",
    ],
    "origins": Array [
      Object {
        "loc": "",
        "module": "/mnt/pinboard/webapp/node_modules/babel-loader/lib/index.js?retainLines=true&comments=false&cacheDirectory=/mnt/pinboard/webapp/build/.babel-cache!/mnt/pinboard/webapp/app/common/index.js",
        "moduleId": 3269,
        "moduleIdentifier": "/mnt/pinboard/webapp/node_modules/babel-loader/lib/index.js?retainLines=true&comments=false&cacheDirectory=/mnt/pinboard/webapp/build/.babel-cache!/mnt/pinboard/webapp/app/common/index.js",
        "moduleName": "./app/common/index.js",
        "name": "entryChunk-react-common",
        "reasons": Array [],
      },
    ],
    "parents": Array [
      194,
    ],
    "rendered": true,
    "size": 7744357,
  },
  Object {
    "entry": false,
    "extraAsync": false,
    "files": Array [
      "entryChunk-react-PinBookmarklet.js",
      "entryChunk-react-PinBookmarklet.js.map",
    ],
    "hash": "534765330bc0755e35e3",
    "id": 176,
    "initial": true,
    "names": Array [
      "entryChunk-react-PinBookmarklet",
    ],
    "origins": Array [
      Object {
        "loc": "",
        "module": "/mnt/pinboard/webapp/node_modules/babel-loader/lib/index.js?retainLines=true&comments=false&cacheDirectory=/mnt/pinboard/webapp/build/.babel-cache!/mnt/pinboard/webapp/app/common/entry/entry-PinBookmarklet.js",
        "moduleId": 3258,
        "moduleIdentifier": "/mnt/pinboard/webapp/node_modules/babel-loader/lib/index.js?retainLines=true&comments=false&cacheDirectory=/mnt/pinboard/webapp/build/.babel-cache!/mnt/pinboard/webapp/app/common/entry/entry-PinBookmarklet.js",
        "moduleName": "./app/common/entry/entry-PinBookmarklet.js",
        "name": "entryChunk-react-PinBookmarklet",
        "reasons": Array [],
      },
    ],
    "parents": Array [
      194,
    ],
    "rendered": false,
    "size": 3085187,
  },
  Object {
    "entry": false,
    "extraAsync": false,
    "files": Array [
      "entryChunk-www.js",
      "entryChunk-www.js.map",
    ],
    "hash": "dd714c3b2a3adc999b27",
    "id": 177,
    "initial": true,
    "names": Array [
      "entryChunk-www",
    ],
    "origins": Array [
      Object {
        "loc": "",
        "module": "multi app/www/index.js",
        "moduleId": 3280,
        "moduleIdentifier": "multi app/www/index.js",
        "moduleName": "multi app/www/index.js",
        "name": "entryChunk-www",
        "reasons": Array [],
      },
    ],
    "parents": Array [
      195,
    ],
    "rendered": true,
    "size": 3031551,
  },
  Object {
    "entry": false,
    "extraAsync": false,
    "files": Array [
      "entryChunk-react-PinBookmarkletReactWrapper.js",
      "entryChunk-react-PinBookmarkletReactWrapper.js.map",
    ],
    "hash": "9f586581407b1e3cbe8f",
    "id": 178,
    "initial": true,
    "names": Array [
      "entryChunk-react-PinBookmarkletReactWrapper",
    ],
    "origins": Array [
      Object {
        "loc": "",
        "module": "/mnt/pinboard/webapp/node_modules/babel-loader/lib/index.js?retainLines=true&comments=false&cacheDirectory=/mnt/pinboard/webapp/build/.babel-cache!/mnt/pinboard/webapp/app/common/entry/entry-PinBookmarkletReactWrapper.js",
        "moduleId": 3259,
        "moduleIdentifier": "/mnt/pinboard/webapp/node_modules/babel-loader/lib/index.js?retainLines=true&comments=false&cacheDirectory=/mnt/pinboard/webapp/build/.babel-cache!/mnt/pinboard/webapp/app/common/entry/entry-PinBookmarkletReactWrapper.js",
        "moduleName": "./app/common/entry/entry-PinBookmarkletReactWrapper.js",
        "name": "entryChunk-react-PinBookmarkletReactWrapper",
        "reasons": Array [],
      },
    ],
    "parents": Array [
      194,
    ],
    "rendered": false,
    "size": 2048265,
  },
  Object {
    "entry": false,
    "extraAsync": false,
    "files": Array [
      "entryChunk-react-OpenClosedInterestFeedReactPage.js",
      "entryChunk-react-OpenClosedInterestFeedReactPage.js.map",
    ],
    "hash": "2311c2a1031339898dff",
    "id": 179,
    "initial": true,
    "names": Array [
      "entryChunk-react-OpenClosedInterestFeedReactPage",
    ],
    "origins": Array [
      Object {
        "loc": "",
        "module": "/mnt/pinboard/webapp/node_modules/babel-loader/lib/index.js?retainLines=true&comments=false&cacheDirectory=/mnt/pinboard/webapp/build/.babel-cache!/mnt/pinboard/webapp/app/common/entry/entry-OpenClosedInterestFeedReactPage.js",
        "moduleId": 3256,
        "moduleIdentifier": "/mnt/pinboard/webapp/node_modules/babel-loader/lib/index.js?retainLines=true&comments=false&cacheDirectory=/mnt/pinboard/webapp/build/.babel-cache!/mnt/pinboard/webapp/app/common/entry/entry-OpenClosedInterestFeedReactPage.js",
        "moduleName": "./app/common/entry/entry-OpenClosedInterestFeedReactPage.js",
        "name": "entryChunk-react-OpenClosedInterestFeedReactPage",
        "reasons": Array [],
      },
    ],
    "parents": Array [
      194,
    ],
    "rendered": false,
    "size": 2255786,
  },
  Object {
    "entry": false,
    "extraAsync": false,
    "files": Array [
      "entryChunk-react-UnauthOpenClosedPinReactPage.js",
      "entryChunk-react-UnauthOpenClosedPinReactPage.js.map",
    ],
    "hash": "0d942ae0b8cdd3a02eac",
    "id": 180,
    "initial": true,
    "names": Array [
      "entryChunk-react-UnauthOpenClosedPinReactPage",
    ],
    "origins": Array [
      Object {
        "loc": "",
        "module": "/mnt/pinboard/webapp/node_modules/babel-loader/lib/index.js?retainLines=true&comments=false&cacheDirectory=/mnt/pinboard/webapp/build/.babel-cache!/mnt/pinboard/webapp/app/common/entry/entry-UnauthOpenClosedPinReactPage.js",
        "moduleId": 3265,
        "moduleIdentifier": "/mnt/pinboard/webapp/node_modules/babel-loader/lib/index.js?retainLines=true&comments=false&cacheDirectory=/mnt/pinboard/webapp/build/.babel-cache!/mnt/pinboard/webapp/app/common/entry/entry-UnauthOpenClosedPinReactPage.js",
        "moduleName": "./app/common/entry/entry-UnauthOpenClosedPinReactPage.js",
        "name": "entryChunk-react-UnauthOpenClosedPinReactPage",
        "reasons": Array [],
      },
    ],
    "parents": Array [
      194,
    ],
    "rendered": false,
    "size": 2227952,
  },
  Object {
    "entry": false,
    "extraAsync": false,
    "files": Array [
      "entryChunk-react-UnauthOpenClosedBoardReactPage.js",
      "entryChunk-react-UnauthOpenClosedBoardReactPage.js.map",
    ],
    "hash": "05062d94b4d138e07d2f",
    "id": 181,
    "initial": true,
    "names": Array [
      "entryChunk-react-UnauthOpenClosedBoardReactPage",
    ],
    "origins": Array [
      Object {
        "loc": "",
        "module": "/mnt/pinboard/webapp/node_modules/babel-loader/lib/index.js?retainLines=true&comments=false&cacheDirectory=/mnt/pinboard/webapp/build/.babel-cache!/mnt/pinboard/webapp/app/common/entry/entry-UnauthOpenClosedBoardReactPage.js",
        "moduleId": 3264,
        "moduleIdentifier": "/mnt/pinboard/webapp/node_modules/babel-loader/lib/index.js?retainLines=true&comments=false&cacheDirectory=/mnt/pinboard/webapp/build/.babel-cache!/mnt/pinboard/webapp/app/common/entry/entry-UnauthOpenClosedBoardReactPage.js",
        "moduleName": "./app/common/entry/entry-UnauthOpenClosedBoardReactPage.js",
        "name": "entryChunk-react-UnauthOpenClosedBoardReactPage",
        "reasons": Array [],
      },
    ],
    "parents": Array [
      194,
    ],
    "rendered": false,
    "size": 2231539,
  },
  Object {
    "entry": false,
    "extraAsync": false,
    "files": Array [
      "entryChunk-react-OpenInterestFeedReactPage.js",
      "entryChunk-react-OpenInterestFeedReactPage.js.map",
    ],
    "hash": "a9045f917eef2dd20f0e",
    "id": 182,
    "initial": true,
    "names": Array [
      "entryChunk-react-OpenInterestFeedReactPage",
    ],
    "origins": Array [
      Object {
        "loc": "",
        "module": "/mnt/pinboard/webapp/node_modules/babel-loader/lib/index.js?retainLines=true&comments=false&cacheDirectory=/mnt/pinboard/webapp/build/.babel-cache!/mnt/pinboard/webapp/app/common/entry/entry-OpenInterestFeedReactPage.js",
        "moduleId": 3257,
        "moduleIdentifier": "/mnt/pinboard/webapp/node_modules/babel-loader/lib/index.js?retainLines=true&comments=false&cacheDirectory=/mnt/pinboard/webapp/build/.babel-cache!/mnt/pinboard/webapp/app/common/entry/entry-OpenInterestFeedReactPage.js",
        "moduleName": "./app/common/entry/entry-OpenInterestFeedReactPage.js",
        "name": "entryChunk-react-OpenInterestFeedReactPage",
        "reasons": Array [],
      },
    ],
    "parents": Array [
      194,
    ],
    "rendered": false,
    "size": 2167226,
  },
  Object {
    "entry": false,
    "extraAsync": false,
    "files": Array [
      "entryChunk-react-UnauthOpenPinReactPage.js",
      "entryChunk-react-UnauthOpenPinReactPage.js.map",
    ],
    "hash": "3dfd545b3ba6951af06e",
    "id": 183,
    "initial": true,
    "names": Array [
      "entryChunk-react-UnauthOpenPinReactPage",
    ],
    "origins": Array [
      Object {
        "loc": "",
        "module": "/mnt/pinboard/webapp/node_modules/babel-loader/lib/index.js?retainLines=true&comments=false&cacheDirectory=/mnt/pinboard/webapp/build/.babel-cache!/mnt/pinboard/webapp/app/common/entry/entry-UnauthOpenPinReactPage.js",
        "moduleId": 3266,
        "moduleIdentifier": "/mnt/pinboard/webapp/node_modules/babel-loader/lib/index.js?retainLines=true&comments=false&cacheDirectory=/mnt/pinboard/webapp/build/.babel-cache!/mnt/pinboard/webapp/app/common/entry/entry-UnauthOpenPinReactPage.js",
        "moduleName": "./app/common/entry/entry-UnauthOpenPinReactPage.js",
        "name": "entryChunk-react-UnauthOpenPinReactPage",
        "reasons": Array [],
      },
    ],
    "parents": Array [
      194,
    ],
    "rendered": false,
    "size": 2147936,
  },
  Object {
    "entry": false,
    "extraAsync": false,
    "files": Array [
      "entryChunk-react-UnauthOpenBoardReactPage.js",
      "entryChunk-react-UnauthOpenBoardReactPage.js.map",
    ],
    "hash": "23302487b178c12279f5",
    "id": 184,
    "initial": true,
    "names": Array [
      "entryChunk-react-UnauthOpenBoardReactPage",
    ],
    "origins": Array [
      Object {
        "loc": "",
        "module": "/mnt/pinboard/webapp/node_modules/babel-loader/lib/index.js?retainLines=true&comments=false&cacheDirectory=/mnt/pinboard/webapp/build/.babel-cache!/mnt/pinboard/webapp/app/common/entry/entry-UnauthOpenBoardReactPage.js",
        "moduleId": 3263,
        "moduleIdentifier": "/mnt/pinboard/webapp/node_modules/babel-loader/lib/index.js?retainLines=true&comments=false&cacheDirectory=/mnt/pinboard/webapp/build/.babel-cache!/mnt/pinboard/webapp/app/common/entry/entry-UnauthOpenBoardReactPage.js",
        "moduleName": "./app/common/entry/entry-UnauthOpenBoardReactPage.js",
        "name": "entryChunk-react-UnauthOpenBoardReactPage",
        "reasons": Array [],
      },
    ],
    "parents": Array [
      194,
    ],
    "rendered": false,
    "size": 2149168,
  },
  Object {
    "entry": false,
    "extraAsync": false,
    "files": Array [
      "entryChunk-react-InterestFeedReactPage.js",
      "entryChunk-react-InterestFeedReactPage.js.map",
    ],
    "hash": "075de3596883774cc60e",
    "id": 185,
    "initial": true,
    "names": Array [
      "entryChunk-react-InterestFeedReactPage",
    ],
    "origins": Array [
      Object {
        "loc": "",
        "module": "/mnt/pinboard/webapp/node_modules/babel-loader/lib/index.js?retainLines=true&comments=false&cacheDirectory=/mnt/pinboard/webapp/build/.babel-cache!/mnt/pinboard/webapp/app/common/entry/entry-InterestFeedReactPage.js",
        "moduleId": 3255,
        "moduleIdentifier": "/mnt/pinboard/webapp/node_modules/babel-loader/lib/index.js?retainLines=true&comments=false&cacheDirectory=/mnt/pinboard/webapp/build/.babel-cache!/mnt/pinboard/webapp/app/common/entry/entry-InterestFeedReactPage.js",
        "moduleName": "./app/common/entry/entry-InterestFeedReactPage.js",
        "name": "entryChunk-react-InterestFeedReactPage",
        "reasons": Array [],
      },
    ],
    "parents": Array [
      194,
    ],
    "rendered": false,
    "size": 2183327,
  },
  Object {
    "entry": false,
    "extraAsync": false,
    "files": Array [
      "entryChunk-react-UnauthBoardReactPage.js",
      "entryChunk-react-UnauthBoardReactPage.js.map",
    ],
    "hash": "09b374faebe3237a14a7",
    "id": 186,
    "initial": true,
    "names": Array [
      "entryChunk-react-UnauthBoardReactPage",
    ],
    "origins": Array [
      Object {
        "loc": "",
        "module": "/mnt/pinboard/webapp/node_modules/babel-loader/lib/index.js?retainLines=true&comments=false&cacheDirectory=/mnt/pinboard/webapp/build/.babel-cache!/mnt/pinboard/webapp/app/common/entry/entry-UnauthBoardReactPage.js",
        "moduleId": 3260,
        "moduleIdentifier": "/mnt/pinboard/webapp/node_modules/babel-loader/lib/index.js?retainLines=true&comments=false&cacheDirectory=/mnt/pinboard/webapp/build/.babel-cache!/mnt/pinboard/webapp/app/common/entry/entry-UnauthBoardReactPage.js",
        "moduleName": "./app/common/entry/entry-UnauthBoardReactPage.js",
        "name": "entryChunk-react-UnauthBoardReactPage",
        "reasons": Array [],
      },
    ],
    "parents": Array [
      194,
    ],
    "rendered": false,
    "size": 2168867,
  },
  Object {
    "entry": false,
    "extraAsync": false,
    "files": Array [
      "entryChunk-react-UnauthPinReactPage.js",
      "entryChunk-react-UnauthPinReactPage.js.map",
    ],
    "hash": "86498732a87aa805ec00",
    "id": 187,
    "initial": true,
    "names": Array [
      "entryChunk-react-UnauthPinReactPage",
    ],
    "origins": Array [
      Object {
        "loc": "",
        "module": "/mnt/pinboard/webapp/node_modules/babel-loader/lib/index.js?retainLines=true&comments=false&cacheDirectory=/mnt/pinboard/webapp/build/.babel-cache!/mnt/pinboard/webapp/app/common/entry/entry-UnauthPinReactPage.js",
        "moduleId": 3267,
        "moduleIdentifier": "/mnt/pinboard/webapp/node_modules/babel-loader/lib/index.js?retainLines=true&comments=false&cacheDirectory=/mnt/pinboard/webapp/build/.babel-cache!/mnt/pinboard/webapp/app/common/entry/entry-UnauthPinReactPage.js",
        "moduleName": "./app/common/entry/entry-UnauthPinReactPage.js",
        "name": "entryChunk-react-UnauthPinReactPage",
        "reasons": Array [],
      },
    ],
    "parents": Array [
      194,
    ],
    "rendered": false,
    "size": 2167420,
  },
  Object {
    "entry": false,
    "extraAsync": false,
    "files": Array [
      "entryChunk-react-UnauthHomeReactPage.js",
      "entryChunk-react-UnauthHomeReactPage.js.map",
    ],
    "hash": "1f219ca41f0883372132",
    "id": 188,
    "initial": true,
    "names": Array [
      "entryChunk-react-UnauthHomeReactPage",
    ],
    "origins": Array [
      Object {
        "loc": "",
        "module": "/mnt/pinboard/webapp/node_modules/babel-loader/lib/index.js?retainLines=true&comments=false&cacheDirectory=/mnt/pinboard/webapp/build/.babel-cache!/mnt/pinboard/webapp/app/common/entry/entry-UnauthHomeReactPage.js",
        "moduleId": 3261,
        "moduleIdentifier": "/mnt/pinboard/webapp/node_modules/babel-loader/lib/index.js?retainLines=true&comments=false&cacheDirectory=/mnt/pinboard/webapp/build/.babel-cache!/mnt/pinboard/webapp/app/common/entry/entry-UnauthHomeReactPage.js",
        "moduleName": "./app/common/entry/entry-UnauthHomeReactPage.js",
        "name": "entryChunk-react-UnauthHomeReactPage",
        "reasons": Array [],
      },
    ],
    "parents": Array [
      194,
    ],
    "rendered": false,
    "size": 1943282,
  },
  Object {
    "entry": false,
    "extraAsync": false,
    "files": Array [
      "entryChunk-react-UnauthLoginReactWrapper.js",
      "entryChunk-react-UnauthLoginReactWrapper.js.map",
    ],
    "hash": "9357a1aa6aa85b4061af",
    "id": 189,
    "initial": true,
    "names": Array [
      "entryChunk-react-UnauthLoginReactWrapper",
    ],
    "origins": Array [
      Object {
        "loc": "",
        "module": "/mnt/pinboard/webapp/node_modules/babel-loader/lib/index.js?retainLines=true&comments=false&cacheDirectory=/mnt/pinboard/webapp/build/.babel-cache!/mnt/pinboard/webapp/app/common/entry/entry-UnauthLoginReactWrapper.js",
        "moduleId": 3262,
        "moduleIdentifier": "/mnt/pinboard/webapp/node_modules/babel-loader/lib/index.js?retainLines=true&comments=false&cacheDirectory=/mnt/pinboard/webapp/build/.babel-cache!/mnt/pinboard/webapp/app/common/entry/entry-UnauthLoginReactWrapper.js",
        "moduleName": "./app/common/entry/entry-UnauthLoginReactWrapper.js",
        "name": "entryChunk-react-UnauthLoginReactWrapper",
        "reasons": Array [],
      },
    ],
    "parents": Array [
      194,
    ],
    "rendered": false,
    "size": 1922217,
  },
  Object {
    "entry": false,
    "extraAsync": false,
    "files": Array [
      "entryChunk-react-UnauthSamsungCameraPinPage.js",
      "entryChunk-react-UnauthSamsungCameraPinPage.js.map",
    ],
    "hash": "54e86e14167ed4fe2313",
    "id": 190,
    "initial": true,
    "names": Array [
      "entryChunk-react-UnauthSamsungCameraPinPage",
    ],
    "origins": Array [
      Object {
        "loc": "",
        "module": "/mnt/pinboard/webapp/node_modules/babel-loader/lib/index.js?retainLines=true&comments=false&cacheDirectory=/mnt/pinboard/webapp/build/.babel-cache!/mnt/pinboard/webapp/app/common/entry/entry-UnauthSamsungCameraPinPage.js",
        "moduleId": 3268,
        "moduleIdentifier": "/mnt/pinboard/webapp/node_modules/babel-loader/lib/index.js?retainLines=true&comments=false&cacheDirectory=/mnt/pinboard/webapp/build/.babel-cache!/mnt/pinboard/webapp/app/common/entry/entry-UnauthSamsungCameraPinPage.js",
        "moduleName": "./app/common/entry/entry-UnauthSamsungCameraPinPage.js",
        "name": "entryChunk-react-UnauthSamsungCameraPinPage",
        "reasons": Array [],
      },
    ],
    "parents": Array [
      194,
    ],
    "rendered": false,
    "size": 1805744,
  },
  Object {
    "entry": false,
    "extraAsync": false,
    "files": Array [
      "entryChunk-www-unauth.js",
      "entryChunk-www-unauth.js.map",
    ],
    "hash": "d5637169c631514f6917",
    "id": 191,
    "initial": true,
    "names": Array [
      "entryChunk-www-unauth",
    ],
    "origins": Array [
      Object {
        "loc": "",
        "module": "multi app/www-unauth/index.js",
        "moduleId": 3279,
        "moduleIdentifier": "multi app/www-unauth/index.js",
        "moduleName": "multi app/www-unauth/index.js",
        "name": "entryChunk-www-unauth",
        "reasons": Array [],
      },
    ],
    "parents": Array [
      195,
    ],
    "rendered": false,
    "size": 798084,
  },
  Object {
    "entry": false,
    "extraAsync": false,
    "files": Array [
      "external-analytics.js",
    ],
    "hash": "d817bde664f22dc68e74",
    "id": 192,
    "initial": true,
    "names": Array [
      "external-analytics",
    ],
    "origins": Array [
      Object {
        "loc": "",
        "module": "multi imports?this=>window,jQuery=jquery!app/common/lib/external/eye.datepicker-patched.js imports?module=>undefined,define=>undefined,require=>undefined,exports=>undefined,this=>window!app/sterling/lib/external/c3.js imports?module=>undefined,define=>undefined,require=>undefined,exports=>undefined,this=>window!app/sterling/lib/external/d3.js imports?module=>undefined,define=>undefined,exports=>undefined,this=>window,jQuery=jquery!app/sterling/lib/external/flot.modified.js imports?module=>undefined,define=>undefined,exports=>undefined,this=>window,$=jquery!app/sterling/lib/external/flot.multihighlight.js imports?module=>undefined,define=>undefined,exports=>undefined,this=>window,jQuery=jquery!app/sterling/lib/external/jquery.csv-0.71.js papaparse imports?this=>window!clipboard moment",
        "moduleId": 3098,
        "moduleIdentifier": "multi imports?this=>window,jQuery=jquery!app/common/lib/external/eye.datepicker-patched.js imports?module=>undefined,define=>undefined,require=>undefined,exports=>undefined,this=>window!app/sterling/lib/external/c3.js imports?module=>undefined,define=>undefined,require=>undefined,exports=>undefined,this=>window!app/sterling/lib/external/d3.js imports?module=>undefined,define=>undefined,exports=>undefined,this=>window,jQuery=jquery!app/sterling/lib/external/flot.modified.js imports?module=>undefined,define=>undefined,exports=>undefined,this=>window,$=jquery!app/sterling/lib/external/flot.multihighlight.js imports?module=>undefined,define=>undefined,exports=>undefined,this=>window,jQuery=jquery!app/sterling/lib/external/jquery.csv-0.71.js papaparse imports?this=>window!clipboard moment",
        "moduleName": "multi imports?this=>window,jQuery=jquery!app/common/lib/external/eye.datepicker-patched.js imports?module=>undefined,define=>undefined,require=>undefined,exports=>undefined,this=>window!app/sterling/lib/external/c3.js imports?module=>undefined,define=>undefined,require=>undefined,exports=>undefined,this=>window!app/sterling/lib/external/d3.js imports?module=>undefined,define=>undefined,exports=>undefined,this=>window,jQuery=jquery!app/sterling/lib/external/flot.modified.js imports?module=>undefined,define=>undefined,exports=>undefined,this=>window,$=jquery!app/sterling/lib/external/flot.multihighlight.js imports?module=>undefined,define=>undefined,exports=>undefined,this=>window,jQuery=jquery!app/sterling/lib/external/jquery.csv-0.71.js papaparse imports?this=>window!clipboard moment",
        "name": "external-analytics",
        "reasons": Array [],
      },
    ],
    "parents": Array [
      194,
    ],
    "rendered": false,
    "size": 1329212,
  },
  Object {
    "entry": false,
    "extraAsync": false,
    "files": Array [
      "external-sterling.js",
    ],
    "hash": "81230136222cb237f866",
    "id": 193,
    "initial": true,
    "names": Array [
      "external-sterling",
    ],
    "origins": Array [
      Object {
        "loc": "",
        "module": "multi imports?this=>window,jQuery=jquery!app/common/lib/external/eye.datepicker-patched.js imports?module=>undefined,define=>undefined,require=>undefined,exports=>undefined,this=>window!app/sterling/lib/external/c3.js imports?module=>undefined,define=>undefined,require=>undefined,exports=>undefined,this=>window!app/sterling/lib/external/d3.js imports?module=>undefined,define=>undefined,exports=>undefined,this=>window,jQuery=jquery!app/sterling/lib/external/flot.modified.js imports?module=>undefined,define=>undefined,exports=>undefined,this=>window,$=jquery!app/sterling/lib/external/flot.multihighlight.js imports?module=>undefined,define=>undefined,exports=>undefined,this=>window,jQuery=jquery!app/sterling/lib/external/jquery.csv-0.71.js papaparse imports?this=>window!clipboard moment",
        "moduleId": 3098,
        "moduleIdentifier": "multi imports?this=>window,jQuery=jquery!app/common/lib/external/eye.datepicker-patched.js imports?module=>undefined,define=>undefined,require=>undefined,exports=>undefined,this=>window!app/sterling/lib/external/c3.js imports?module=>undefined,define=>undefined,require=>undefined,exports=>undefined,this=>window!app/sterling/lib/external/d3.js imports?module=>undefined,define=>undefined,exports=>undefined,this=>window,jQuery=jquery!app/sterling/lib/external/flot.modified.js imports?module=>undefined,define=>undefined,exports=>undefined,this=>window,$=jquery!app/sterling/lib/external/flot.multihighlight.js imports?module=>undefined,define=>undefined,exports=>undefined,this=>window,jQuery=jquery!app/sterling/lib/external/jquery.csv-0.71.js papaparse imports?this=>window!clipboard moment",
        "moduleName": "multi imports?this=>window,jQuery=jquery!app/common/lib/external/eye.datepicker-patched.js imports?module=>undefined,define=>undefined,require=>undefined,exports=>undefined,this=>window!app/sterling/lib/external/c3.js imports?module=>undefined,define=>undefined,require=>undefined,exports=>undefined,this=>window!app/sterling/lib/external/d3.js imports?module=>undefined,define=>undefined,exports=>undefined,this=>window,jQuery=jquery!app/sterling/lib/external/flot.modified.js imports?module=>undefined,define=>undefined,exports=>undefined,this=>window,$=jquery!app/sterling/lib/external/flot.multihighlight.js imports?module=>undefined,define=>undefined,exports=>undefined,this=>window,jQuery=jquery!app/sterling/lib/external/jquery.csv-0.71.js papaparse imports?this=>window!clipboard moment",
        "name": "external-sterling",
        "reasons": Array [],
      },
    ],
    "parents": Array [
      194,
    ],
    "rendered": false,
    "size": 1329212,
  },
  Object {
    "entry": false,
    "extraAsync": false,
    "files": Array [
      "entryChunk-core.js",
      "entryChunk-core.js.map",
    ],
    "hash": "6305dfa4bed1774dfa11",
    "id": 194,
    "initial": true,
    "names": Array [
      "entryChunk-core",
    ],
    "origins": Array [
      Object {
        "loc": "",
        "module": "multi app/common/lib/bundle/internal-common.js",
        "moduleId": 3276,
        "moduleIdentifier": "multi app/common/lib/bundle/internal-common.js",
        "moduleName": "multi app/common/lib/bundle/internal-common.js",
        "name": "entryChunk-core",
        "reasons": Array [],
      },
    ],
    "parents": Array [
      196,
    ],
    "rendered": false,
    "size": 577568,
  },
  Object {
    "entry": false,
    "extraAsync": false,
    "files": Array [
      "vendor-react.js",
    ],
    "hash": "944e3b6414f43b24f48f",
    "id": 195,
    "initial": true,
    "names": Array [
      "vendor-react",
    ],
    "origins": Array [
      Object {
        "loc": "",
        "module": "multi app/common/lib/Polyfills.js app/common/lib/Promise.js classnames intl/Intl.js react-dom react-redux react-router react redux",
        "moduleId": 3275,
        "moduleIdentifier": "multi app/common/lib/Polyfills.js app/common/lib/Promise.js classnames intl/Intl.js react-dom react-redux react-router react redux",
        "moduleName": "multi app/common/lib/Polyfills.js app/common/lib/Promise.js classnames intl/Intl.js react-dom react-redux react-router react redux",
        "name": "vendor-react",
        "reasons": Array [],
      },
    ],
    "parents": Array [
      203,
    ],
    "rendered": false,
    "size": 2475,
  },
  Object {
    "entry": false,
    "extraAsync": false,
    "files": Array [
      "external-core-2.js",
    ],
    "hash": "575113931e04311d964e",
    "id": 196,
    "initial": true,
    "names": Array [
      "external-core-2",
    ],
    "origins": Array [
      Object {
        "loc": "",
        "module": "multi imports?module=>undefined,define=>undefined,require=>undefined,exports=>undefined,this=>window!nunjucks/browser/nunjucks-slim.js imports?module=>undefined,define=>undefined,exports=>undefined,this=>window,_=underscore!app/common/lib/external/nunjucks.compat-patched.js imports?module=>undefined,define=>undefined,exports=>undefined,this=>window,jQuery=jquery!app/common/lib/external/jquery.transit.js imports?module=>undefined,define=>undefined,exports=>undefined,this=>window,jQuery=jquery!app/common/lib/external/jquery.ui.sortable.js imports?module=>undefined,define=>undefined,exports=>undefined,this=>window,jQuery=jquery!app/common/lib/external/jquery.ui.droppable.js imports?module=>undefined,define=>undefined,exports=>undefined,this=>window,jQuery=jquery!app/common/lib/external/jquery.splendid.textchange.js imports?this=>window!app/common/lib/external/findAndReplaceDOMText.js",
        "moduleId": 3281,
        "moduleIdentifier": "multi imports?module=>undefined,define=>undefined,require=>undefined,exports=>undefined,this=>window!nunjucks/browser/nunjucks-slim.js imports?module=>undefined,define=>undefined,exports=>undefined,this=>window,_=underscore!app/common/lib/external/nunjucks.compat-patched.js imports?module=>undefined,define=>undefined,exports=>undefined,this=>window,jQuery=jquery!app/common/lib/external/jquery.transit.js imports?module=>undefined,define=>undefined,exports=>undefined,this=>window,jQuery=jquery!app/common/lib/external/jquery.ui.sortable.js imports?module=>undefined,define=>undefined,exports=>undefined,this=>window,jQuery=jquery!app/common/lib/external/jquery.ui.droppable.js imports?module=>undefined,define=>undefined,exports=>undefined,this=>window,jQuery=jquery!app/common/lib/external/jquery.splendid.textchange.js imports?this=>window!app/common/lib/external/findAndReplaceDOMText.js",
        "moduleName": "multi imports?module=>undefined,define=>undefined,require=>undefined,exports=>undefined,this=>window!nunjucks/browser/nunjucks-slim.js imports?module=>undefined,define=>undefined,exports=>undefined,this=>window,_=underscore!app/common/lib/external/nunjucks.compat-patched.js imports?module=>undefined,define=>undefined,exports=>undefined,this=>window,jQuery=jquery!app/common/lib/external/jquery.transit.js imports?module=>undefined,define=>undefined,exports=>undefined,this=>window,jQuery=jquery!app/common/lib/external/jquery.ui.sortable.js imports?module=>undefined,define=>undefined,exports=>undefined,this=>window,jQuery=jquery!app/common/lib/external/jquery.ui.droppable.js imports?module=>undefined,define=>undefined,exports=>undefined,this=>window,jQuery=jquery!app/common/lib/external/jquery.splendid.textchange.js imports?this=>window!app/common/lib/external/findAndReplaceDOMText.js",
        "name": "external-core-2",
        "reasons": Array [],
      },
    ],
    "parents": Array [
      198,
    ],
    "rendered": false,
    "size": 251292,
  },
  Object {
    "entry": false,
    "extraAsync": false,
    "files": Array [
      "external-core-1.js",
    ],
    "hash": "9afe2f74938259bf53c1",
    "id": 197,
    "initial": true,
    "names": Array [
      "external-core-1",
    ],
    "origins": Array [
      Object {
        "loc": "",
        "module": "multi app/common/lib/external/modernizr-2.7.1-custom.js jquery underscore app/common/lib/external/cookie-0.4-patched.js imports?module=>undefined,define=>undefined,require=>undefined,exports=>undefined,this=>window!app/common/lib/external/console.polyfill.js imports?module=>undefined,define=>undefined,require=>undefined,exports=>undefined,this=>window!app/common/lib/external/location.origin.polyfill.js imports?module=>undefined,define=>undefined,require=>undefined,exports=>undefined,this=>window!app/common/lib/external/Yozio.js",
        "moduleId": 3278,
        "moduleIdentifier": "multi app/common/lib/external/modernizr-2.7.1-custom.js jquery underscore app/common/lib/external/cookie-0.4-patched.js imports?module=>undefined,define=>undefined,require=>undefined,exports=>undefined,this=>window!app/common/lib/external/console.polyfill.js imports?module=>undefined,define=>undefined,require=>undefined,exports=>undefined,this=>window!app/common/lib/external/location.origin.polyfill.js imports?module=>undefined,define=>undefined,require=>undefined,exports=>undefined,this=>window!app/common/lib/external/Yozio.js",
        "moduleName": "multi app/common/lib/external/modernizr-2.7.1-custom.js jquery underscore app/common/lib/external/cookie-0.4-patched.js imports?module=>undefined,define=>undefined,require=>undefined,exports=>undefined,this=>window!app/common/lib/external/console.polyfill.js imports?module=>undefined,define=>undefined,require=>undefined,exports=>undefined,this=>window!app/common/lib/external/location.origin.polyfill.js imports?module=>undefined,define=>undefined,require=>undefined,exports=>undefined,this=>window!app/common/lib/external/Yozio.js",
        "name": "external-core-1",
        "reasons": Array [],
      },
    ],
    "parents": Array [
      195,
    ],
    "rendered": false,
    "size": 319777,
  },
  Object {
    "entry": false,
    "extraAsync": false,
    "files": Array [
      "external-core-1-slim.js",
    ],
    "hash": "af7567ee141fa7608249",
    "id": 198,
    "initial": true,
    "names": Array [
      "external-core-1-slim",
    ],
    "origins": Array [
      Object {
        "loc": "",
        "module": "multi app/common/lib/external/modernizr-2.7.1-custom.js jquery underscore app/common/lib/external/cookie-0.4-patched.js imports?module=>undefined,define=>undefined,require=>undefined,exports=>undefined,this=>window!app/common/lib/external/console.polyfill.js imports?module=>undefined,define=>undefined,require=>undefined,exports=>undefined,this=>window!app/common/lib/external/location.origin.polyfill.js",
        "moduleId": 3277,
        "moduleIdentifier": "multi app/common/lib/external/modernizr-2.7.1-custom.js jquery underscore app/common/lib/external/cookie-0.4-patched.js imports?module=>undefined,define=>undefined,require=>undefined,exports=>undefined,this=>window!app/common/lib/external/console.polyfill.js imports?module=>undefined,define=>undefined,require=>undefined,exports=>undefined,this=>window!app/common/lib/external/location.origin.polyfill.js",
        "moduleName": "multi app/common/lib/external/modernizr-2.7.1-custom.js jquery underscore app/common/lib/external/cookie-0.4-patched.js imports?module=>undefined,define=>undefined,require=>undefined,exports=>undefined,this=>window!app/common/lib/external/console.polyfill.js imports?module=>undefined,define=>undefined,require=>undefined,exports=>undefined,this=>window!app/common/lib/external/location.origin.polyfill.js",
        "name": "external-core-1-slim",
        "reasons": Array [],
      },
    ],
    "parents": Array [
      195,
    ],
    "rendered": false,
    "size": 307505,
  },
  Object {
    "entry": false,
    "extraAsync": false,
    "files": Array [
      "Testing.js",
    ],
    "hash": "a83ae7aa270fa1f87006",
    "id": 199,
    "initial": true,
    "names": Array [
      "Testing",
    ],
    "origins": Array [
      Object {
        "loc": "",
        "module": "/mnt/pinboard/webapp/node_modules/babel-loader/lib/index.js?retainLines=true&comments=false&cacheDirectory=/mnt/pinboard/webapp/build/.babel-cache!/mnt/pinboard/webapp/app/common/lib/Testing.js",
        "moduleId": 3270,
        "moduleIdentifier": "/mnt/pinboard/webapp/node_modules/babel-loader/lib/index.js?retainLines=true&comments=false&cacheDirectory=/mnt/pinboard/webapp/build/.babel-cache!/mnt/pinboard/webapp/app/common/lib/Testing.js",
        "moduleName": "./app/common/lib/Testing.js",
        "name": "Testing",
        "reasons": Array [],
      },
    ],
    "parents": Array [
      194,
    ],
    "rendered": false,
    "size": 12480,
  },
  Object {
    "entry": true,
    "extraAsync": false,
    "files": Array [
      "scout.js",
    ],
    "hash": "7b41f7bc0586e78cdc84",
    "id": 203,
    "initial": true,
    "names": Array [
      "scout",
    ],
    "origins": Array [
      Object {
        "loc": "",
        "module": "/mnt/pinboard/webapp/node_modules/babel-loader/lib/index.js?retainLines=true&comments=false&cacheDirectory=/mnt/pinboard/webapp/build/.babel-cache!/mnt/pinboard/webapp/app/common/lib/scout/Init.js",
        "moduleId": 3272,
        "moduleIdentifier": "/mnt/pinboard/webapp/node_modules/babel-loader/lib/index.js?retainLines=true&comments=false&cacheDirectory=/mnt/pinboard/webapp/build/.babel-cache!/mnt/pinboard/webapp/app/common/lib/scout/Init.js",
        "moduleName": "./app/common/lib/scout/Init.js",
        "name": "scout",
        "reasons": Array [],
      },
    ],
    "parents": Array [],
    "rendered": false,
    "size": 4260,
  },
  Object {
    "entry": true,
    "extraAsync": false,
    "files": Array [
      "bundle-socialConnectPopup.js",
      "bundle-socialConnectPopup.js.map",
    ],
    "hash": "250c1531ca01644edbba",
    "id": 204,
    "initial": true,
    "names": Array [
      "bundle-socialConnectPopup",
    ],
    "origins": Array [
      Object {
        "loc": "",
        "module": "/mnt/pinboard/webapp/node_modules/babel-loader/lib/index.js?retainLines=true&comments=false&cacheDirectory=/mnt/pinboard/webapp/build/.babel-cache!/mnt/pinboard/webapp/app/common/lib/bundle/socialConnectPopup.js",
        "moduleId": 3271,
        "moduleIdentifier": "/mnt/pinboard/webapp/node_modules/babel-loader/lib/index.js?retainLines=true&comments=false&cacheDirectory=/mnt/pinboard/webapp/build/.babel-cache!/mnt/pinboard/webapp/app/common/lib/bundle/socialConnectPopup.js",
        "moduleName": "./app/common/lib/bundle/socialConnectPopup.js",
        "name": "bundle-socialConnectPopup",
        "reasons": Array [],
      },
    ],
    "parents": Array [],
    "rendered": false,
    "size": 1245,
  },
]
`;
